Copyright 1986-2017 Xilinx, Inc. All Rights Reserved.
-----------------------------------------------------------------------------------------------------------------------------------------------------
| Tool Version : Vivado v.2017.4 (win64) Build 2086221 Fri Dec 15 20:55:39 MST 2017
| Date         : Thu Sep 10 14:51:38 2026
| Host         : DESKTOP-KJILRAS running 64-bit major release  (build 9200)
| Command      : report_timing_summary -max_paths 10 -file eq_top_timing_summary_routed.rpt -rpx eq_top_timing_summary_routed.rpx -warn_on_violation
| Design       : eq_top
| Device       : 7a100t-csg324
| Speed File   : -1  PRODUCTION 1.20 2017-11-01
-----------------------------------------------------------------------------------------------------------------------------------------------------

Timing Summary Report

------------------------------------------------------------------------------------------------
| Timer Settings
| --------------
------------------------------------------------------------------------------------------------

  Enable Multi Corner Analysis               :  Yes
  Enable Pessimism Removal                   :  Yes
  Pessimism Removal Resolution               :  Nearest Common Node
  Enable Input Delay Default Clock           :  No
  Enable Preset / Clear Arcs                 :  No
  Disable Flight Delays                      :  No
  Ignore I/O Paths                           :  No
  Timing Early Launch at Borrowing Latches   :  false

  Corner  Analyze    Analyze    
  Name    Max Paths  Min Paths  
  ------  ---------  ---------  
  Slow    Yes        Yes        
  Fast    Yes        Yes        



check_timing report

Table of Contents
-----------------
1. checking no_clock
2. checking constant_clock
3. checking pulse_width_clock
4. checking unconstrained_internal_endpoints
5. checking no_input_delay
6. checking no_output_delay
7. checking multiple_clock
8. checking generated_clocks
9. checking loops
10. checking partial_input_delay
11. checking partial_output_delay
12. checking latch_loops

1. checking no_clock
--------------------
 There are 0 register/latch pins with no clock.


2. checking constant_clock
--------------------------
 There are 0 register/latch pins with constant_clock.


3. checking pulse_width_clock
-----------------------------
 There are 0 register/latch pins which need pulse_width check


4. checking unconstrained_internal_endpoints
--------------------------------------------
 There are 0 pins that are not constrained for maximum delay.

 There are 0 pins that are not constrained for maximum delay due to constant clock.


5. checking no_input_delay
--------------------------
 There are 0 input ports with no input delay specified.

 There are 0 input ports with no input delay but user has a false path constraint.


6. checking no_output_delay
---------------------------
 There are 15 ports with no output delay specified. (HIGH)

 There are 0 ports with no output delay but user has a false path constraint

 There are 0 ports with no output delay but with a timing clock defined on it or propagating through it


7. checking multiple_clock
--------------------------
 There are 0 register/latch pins with multiple clocks.


8. checking generated_clocks
----------------------------
 There are 0 generated clocks that are not connected to a clock source.


9. checking loops
-----------------
 There are 0 combinational loops in the design.


10. checking partial_input_delay
--------------------------------
 There are 0 input ports with partial input delay specified.


11. checking partial_output_delay
---------------------------------
 There are 0 ports with partial output delay specified.


12. checking latch_loops
------------------------
 There are 0 combinational latch loops in the design through latch input



------------------------------------------------------------------------------------------------
| Design Timing Summary
| ---------------------
------------------------------------------------------------------------------------------------

    WNS(ns)      TNS(ns)  TNS Failing Endpoints  TNS Total Endpoints      WHS(ns)      THS(ns)  THS Failing Endpoints  THS Total Endpoints     WPWS(ns)     TPWS(ns)  TPWS Failing Endpoints  TPWS Total Endpoints  
    -------      -------  ---------------------  -------------------      -------      -------  ---------------------  -------------------     --------     --------  ----------------------  --------------------  
      7.597        0.000                      0                   18        0.252        0.000                      0                   18        4.500        0.000                       0                    19  


All user specified timing constraints are met.


------------------------------------------------------------------------------------------------
| Clock Summary
| -------------
------------------------------------------------------------------------------------------------

Clock        Waveform(ns)       Period(ns)      Frequency(MHz)
-----        ------------       ----------      --------------
sys_clk_pin  {0.000 5.000}      10.000          100.000         


------------------------------------------------------------------------------------------------
| Intra Clock Table
| -----------------
------------------------------------------------------------------------------------------------

Clock             WNS(ns)      TNS(ns)  TNS Failing Endpoints  TNS Total Endpoints      WHS(ns)      THS(ns)  THS Failing Endpoints  THS Total Endpoints     WPWS(ns)     TPWS(ns)  TPWS Failing Endpoints  TPWS Total Endpoints  
-----             -------      -------  ---------------------  -------------------      -------      -------  ---------------------  -------------------     --------     --------  ----------------------  --------------------  
sys_clk_pin         7.597        0.000                      0                   18        0.252        0.000                      0                   18        4.500        0.000                       0                    19  


------------------------------------------------------------------------------------------------
| Inter Clock Table
| -----------------
------------------------------------------------------------------------------------------------

From Clock    To Clock          WNS(ns)      TNS(ns)  TNS Failing Endpoints  TNS Total Endpoints      WHS(ns)      THS(ns)  THS Failing Endpoints  THS Total Endpoints  
----------    --------          -------      -------  ---------------------  -------------------      -------      -------  ---------------------  -------------------  


------------------------------------------------------------------------------------------------
| Other Path Groups Table
| -----------------------
------------------------------------------------------------------------------------------------

Path Group    From Clock    To Clock          WNS(ns)      TNS(ns)  TNS Failing Endpoints  TNS Total Endpoints      WHS(ns)      THS(ns)  THS Failing Endpoints  THS Total Endpoints  
----------    ----------    --------          -------      -------  ---------------------  -------------------      -------      -------  ---------------------  -------------------  


------------------------------------------------------------------------------------------------
| Timing Details
| --------------
------------------------------------------------------------------------------------------------


---------------------------------------------------------------------------------------------------
From Clock:  sys_clk_pin
  To Clock:  sys_clk_pin

Setup :            0  Failing Endpoints,  Worst Slack        7.597ns,  Total Violation        0.000ns
Hold  :            0  Failing Endpoints,  Worst Slack        0.252ns,  Total Violation        0.000ns
PW    :            0  Failing Endpoints,  Worst Slack        4.500ns,  Total Violation        0.000ns
---------------------------------------------------------------------------------------------------


Max Delay Paths
--------------------------------------------------------------------------------------
Slack (MET) :             7.597ns  (required time - arrival time)
  Source:                 ledmux2/q_reg_reg[15]/C
                            (rising edge-triggered cell FDRE clocked by sys_clk_pin  {rise@0.000ns fall@5.000ns period=10.000ns})
  Destination:            ledmux2/q_reg_reg[17]/D
                            (rising edge-triggered cell FDRE clocked by sys_clk_pin  {rise@0.000ns fall@5.000ns period=10.000ns})
  Path Group:             sys_clk_pin
  Path Type:              Setup (Max at Slow Process Corner)
  Requirement:            10.000ns  (sys_clk_pin rise@10.000ns - sys_clk_pin rise@0.000ns)
  Data Path Delay:        2.406ns  (logic 1.315ns (54.657%)  route 1.091ns (45.343%))
  Logic Levels:           2  (CARRY4=2)
  Clock Path Skew:        -0.024ns (DCD - SCD + CPR)
    Destination Clock Delay (DCD):    5.011ns = ( 15.011 - 10.000 ) 
    Source Clock Delay      (SCD):    5.310ns
    Clock Pessimism Removal (CPR):    0.275ns
  Clock Uncertainty:      0.035ns  ((TSJ^2 + TIJ^2)^1/2 + DJ) / 2 + PE
    Total System Jitter     (TSJ):    0.071ns
    Total Input Jitter      (TIJ):    0.000ns
    Discrete Jitter          (DJ):    0.000ns
    Phase Error              (PE):    0.000ns

    Location             Delay type                Incr(ns)  Path(ns)    Netlist Resource(s)
  -------------------------------------------------------------------    -------------------
                         (clock sys_clk_pin rise edge)
                                                      0.000     0.000 r  
    E3                                                0.000     0.000 r  clk (IN)
                         net (fo=0)                   0.000     0.000    clk
    E3                   IBUF (Prop_ibuf_I_O)         1.482     1.482 r  clk_IBUF_inst/O
                         net (fo=1, routed)           2.025     3.506    clk_IBUF
    BUFGCTRL_X0Y16       BUFG (Prop_bufg_I_O)         0.096     3.602 r  clk_IBUF_BUFG_inst/O
                         net (fo=18, routed)          1.707     5.310    ledmux2/clk
    SLICE_X1Y73          FDRE                                         r  ledmux2/q_reg_reg[15]/C
  -------------------------------------------------------------------    -------------------
    SLICE_X1Y73          FDRE (Prop_fdre_C_Q)         0.456     5.766 r  ledmux2/q_reg_reg[15]/Q
                         net (fo=16, routed)          1.091     6.857    ledmux2/sel0[0]
    SLICE_X1Y73          CARRY4 (Prop_carry4_S[3]_CO[3])
                                                      0.525     7.382 r  ledmux2/q_reg_reg[12]_i_1/CO[3]
                         net (fo=1, routed)           0.000     7.382    ledmux2/q_reg_reg[12]_i_1_n_0
    SLICE_X1Y74          CARRY4 (Prop_carry4_CI_O[1])
                                                      0.334     7.716 r  ledmux2/q_reg_reg[16]_i_1/O[1]
                         net (fo=1, routed)           0.000     7.716    ledmux2/q_reg_reg[16]_i_1_n_6
    SLICE_X1Y74          FDRE                                         r  ledmux2/q_reg_reg[17]/D
  -------------------------------------------------------------------    -------------------

                         (clock sys_clk_pin rise edge)
                                                     10.000    10.000 r  
    E3                                                0.000    10.000 r  clk (IN)
                         net (fo=0)                   0.000    10.000    clk
    E3                   IBUF (Prop_ibuf_I_O)         1.411    11.411 r  clk_IBUF_inst/O
                         net (fo=1, routed)           1.920    13.331    clk_IBUF
    BUFGCTRL_X0Y16       BUFG (Prop_bufg_I_O)         0.091    13.422 r  clk_IBUF_BUFG_inst/O
                         net (fo=18, routed)          1.588    15.011    ledmux2/clk
    SLICE_X1Y74          FDRE                                         r  ledmux2/q_reg_reg[17]/C
                         clock pessimism              0.275    15.286    
                         clock uncertainty           -0.035    15.250    
    SLICE_X1Y74          FDRE (Setup_fdre_C_D)        0.062    15.312    ledmux2/q_reg_reg[17]
  -------------------------------------------------------------------
                         required time                         15.312    
                         arrival time                          -7.716    
  -------------------------------------------------------------------
                         slack                                  7.597    

Slack (MET) :             7.708ns  (required time - arrival time)
  Source:                 ledmux2/q_reg_reg[15]/C
                            (rising edge-triggered cell FDRE clocked by sys_clk_pin  {rise@0.000ns fall@5.000ns period=10.000ns})
  Destination:            ledmux2/q_reg_reg[16]/D
                            (rising edge-triggered cell FDRE clocked by sys_clk_pin  {rise@0.000ns fall@5.000ns period=10.000ns})
  Path Group:             sys_clk_pin
  Path Type:              Setup (Max at Slow Process Corner)
  Requirement:            10.000ns  (sys_clk_pin rise@10.000ns - sys_clk_pin rise@0.000ns)
  Data Path Delay:        2.295ns  (logic 1.204ns (52.464%)  route 1.091ns (47.536%))
  Logic Levels:           2  (CARRY4=2)
  Clock Path Skew:        -0.024ns (DCD - SCD + CPR)
    Destination Clock Delay (DCD):    5.011ns = ( 15.011 - 10.000 ) 
    Source Clock Delay      (SCD):    5.310ns
    Clock Pessimism Removal (CPR):    0.275ns
  Clock Uncertainty:      0.035ns  ((TSJ^2 + TIJ^2)^1/2 + DJ) / 2 + PE
    Total System Jitter     (TSJ):    0.071ns
    Total Input Jitter      (TIJ):    0.000ns
    Discrete Jitter          (DJ):    0.000ns
    Phase Error              (PE):    0.000ns

    Location             Delay type                Incr(ns)  Path(ns)    Netlist Resource(s)
  -------------------------------------------------------------------    -------------------
                         (clock sys_clk_pin rise edge)
                                                      0.000     0.000 r  
    E3                                                0.000     0.000 r  clk (IN)
                         net (fo=0)                   0.000     0.000    clk
    E3                   IBUF (Prop_ibuf_I_O)         1.482     1.482 r  clk_IBUF_inst/O
                         net (fo=1, routed)           2.025     3.506    clk_IBUF
    BUFGCTRL_X0Y16       BUFG (Prop_bufg_I_O)         0.096     3.602 r  clk_IBUF_BUFG_inst/O
                         net (fo=18, routed)          1.707     5.310    ledmux2/clk
    SLICE_X1Y73          FDRE                                         r  ledmux2/q_reg_reg[15]/C
  -------------------------------------------------------------------    -------------------
    SLICE_X1Y73          FDRE (Prop_fdre_C_Q)         0.456     5.766 r  ledmux2/q_reg_reg[15]/Q
                         net (fo=16, routed)          1.091     6.857    ledmux2/sel0[0]
    SLICE_X1Y73          CARRY4 (Prop_carry4_S[3]_CO[3])
                                                      0.525     7.382 r  ledmux2/q_reg_reg[12]_i_1/CO[3]
                         net (fo=1, routed)           0.000     7.382    ledmux2/q_reg_reg[12]_i_1_n_0
    SLICE_X1Y74          CARRY4 (Prop_carry4_CI_O[0])
                                                      0.223     7.605 r  ledmux2/q_reg_reg[16]_i_1/O[0]
                         net (fo=1, routed)           0.000     7.605    ledmux2/q_reg_reg[16]_i_1_n_7
    SLICE_X1Y74          FDRE                                         r  ledmux2/q_reg_reg[16]/D
  -------------------------------------------------------------------    -------------------

                         (clock sys_clk_pin rise edge)
                                                     10.000    10.000 r  
    E3                                                0.000    10.000 r  clk (IN)
                         net (fo=0)                   0.000    10.000    clk
    E3                   IBUF (Prop_ibuf_I_O)         1.411    11.411 r  clk_IBUF_inst/O
                         net (fo=1, routed)           1.920    13.331    clk_IBUF
    BUFGCTRL_X0Y16       BUFG (Prop_bufg_I_O)         0.091    13.422 r  clk_IBUF_BUFG_inst/O
                         net (fo=18, routed)          1.588    15.011    ledmux2/clk
    SLICE_X1Y74          FDRE                                         r  ledmux2/q_reg_reg[16]/C
                         clock pessimism              0.275    15.286    
                         clock uncertainty           -0.035    15.250    
    SLICE_X1Y74          FDRE (Setup_fdre_C_D)        0.062    15.312    ledmux2/q_reg_reg[16]
  -------------------------------------------------------------------
                         required time                         15.312    
                         arrival time                          -7.605    
  -------------------------------------------------------------------
                         slack                                  7.708    

Slack (MET) :             7.827ns  (required time - arrival time)
  Source:                 ledmux2/q_reg_reg[1]/C
                            (rising edge-triggered cell FDRE clocked by sys_clk_pin  {rise@0.000ns fall@5.000ns period=10.000ns})
  Destination:            ledmux2/q_reg_reg[13]/D
                            (rising edge-triggered cell FDRE clocked by sys_clk_pin  {rise@0.000ns fall@5.000ns period=10.000ns})
  Path Group:             sys_clk_pin
  Path Type:              Setup (Max at Slow Process Corner)
  Requirement:            10.000ns  (sys_clk_pin rise@10.000ns - sys_clk_pin rise@0.000ns)
  Data Path Delay:        2.172ns  (logic 1.692ns (77.883%)  route 0.480ns (22.117%))
  Logic Levels:           4  (CARRY4=4)
  Clock Path Skew:        -0.027ns (DCD - SCD + CPR)
    Destination Clock Delay (DCD):    5.013ns = ( 15.013 - 10.000 ) 
    Source Clock Delay      (SCD):    5.315ns
    Clock Pessimism Removal (CPR):    0.275ns
  Clock Uncertainty:      0.035ns  ((TSJ^2 + TIJ^2)^1/2 + DJ) / 2 + PE
    Total System Jitter     (TSJ):    0.071ns
    Total Input Jitter      (TIJ):    0.000ns
    Discrete Jitter          (DJ):    0.000ns
    Phase Error              (PE):    0.000ns

    Location             Delay type                Incr(ns)  Path(ns)    Netlist Resource(s)
  -------------------------------------------------------------------    -------------------
                         (clock sys_clk_pin rise edge)
                                                      0.000     0.000 r  
    E3                                                0.000     0.000 r  clk (IN)
                         net (fo=0)                   0.000     0.000    clk
    E3                   IBUF (Prop_ibuf_I_O)         1.482     1.482 r  clk_IBUF_inst/O
                         net (fo=1, routed)           2.025     3.506    clk_IBUF
    BUFGCTRL_X0Y16       BUFG (Prop_bufg_I_O)         0.096     3.602 r  clk_IBUF_BUFG_inst/O
                         net (fo=18, routed)          1.712     5.315    ledmux2/clk
    SLICE_X1Y70          FDRE                                         r  ledmux2/q_reg_reg[1]/C
  -------------------------------------------------------------------    -------------------
    SLICE_X1Y70          FDRE (Prop_fdre_C_Q)         0.456     5.771 r  ledmux2/q_reg_reg[1]/Q
                         net (fo=1, routed)           0.480     6.251    ledmux2/q_reg_reg_n_0_[1]
    SLICE_X1Y70          CARRY4 (Prop_carry4_S[1]_CO[3])
                                                      0.674     6.925 r  ledmux2/q_reg_reg[0]_i_1/CO[3]
                         net (fo=1, routed)           0.000     6.925    ledmux2/q_reg_reg[0]_i_1_n_0
    SLICE_X1Y71          CARRY4 (Prop_carry4_CI_CO[3])
                                                      0.114     7.039 r  ledmux2/q_reg_reg[4]_i_1/CO[3]
                         net (fo=1, routed)           0.000     7.039    ledmux2/q_reg_reg[4]_i_1_n_0
    SLICE_X1Y72          CARRY4 (Prop_carry4_CI_CO[3])
                                                      0.114     7.153 r  ledmux2/q_reg_reg[8]_i_1/CO[3]
                         net (fo=1, routed)           0.000     7.153    ledmux2/q_reg_reg[8]_i_1_n_0
    SLICE_X1Y73          CARRY4 (Prop_carry4_CI_O[1])
                                                      0.334     7.487 r  ledmux2/q_reg_reg[12]_i_1/O[1]
                         net (fo=1, routed)           0.000     7.487    ledmux2/q_reg_reg[12]_i_1_n_6
    SLICE_X1Y73          FDRE                                         r  ledmux2/q_reg_reg[13]/D
  -------------------------------------------------------------------    -------------------

                         (clock sys_clk_pin rise edge)
                                                     10.000    10.000 r  
    E3                                                0.000    10.000 r  clk (IN)
                         net (fo=0)                   0.000    10.000    clk
    E3                   IBUF (Prop_ibuf_I_O)         1.411    11.411 r  clk_IBUF_inst/O
                         net (fo=1, routed)           1.920    13.331    clk_IBUF
    BUFGCTRL_X0Y16       BUFG (Prop_bufg_I_O)         0.091    13.422 r  clk_IBUF_BUFG_inst/O
                         net (fo=18, routed)          1.590    15.013    ledmux2/clk
    SLICE_X1Y73          FDRE                                         r  ledmux2/q_reg_reg[13]/C
                         clock pessimism              0.275    15.288    
                         clock uncertainty           -0.035    15.252    
    SLICE_X1Y73          FDRE (Setup_fdre_C_D)        0.062    15.314    ledmux2/q_reg_reg[13]
  -------------------------------------------------------------------
                         required time                         15.314    
                         arrival time                          -7.487    
  -------------------------------------------------------------------
                         slack                                  7.827    

Slack (MET) :             7.848ns  (required time - arrival time)
  Source:                 ledmux2/q_reg_reg[1]/C
                            (rising edge-triggered cell FDRE clocked by sys_clk_pin  {rise@0.000ns fall@5.000ns period=10.000ns})
  Destination:            ledmux2/q_reg_reg[15]/D
                            (rising edge-triggered cell FDRE clocked by sys_clk_pin  {rise@0.000ns fall@5.000ns period=10.000ns})
  Path Group:             sys_clk_pin
  Path Type:              Setup (Max at Slow Process Corner)
  Requirement:            10.000ns  (sys_clk_pin rise@10.000ns - sys_clk_pin rise@0.000ns)
  Data Path Delay:        2.151ns  (logic 1.671ns (77.667%)  route 0.480ns (22.333%))
  Logic Levels:           4  (CARRY4=4)
  Clock Path Skew:        -0.027ns (DCD - SCD + CPR)
    Destination Clock Delay (DCD):    5.013ns = ( 15.013 - 10.000 ) 
    Source Clock Delay      (SCD):    5.315ns
    Clock Pessimism Removal (CPR):    0.275ns
  Clock Uncertainty:      0.035ns  ((TSJ^2 + TIJ^2)^1/2 + DJ) / 2 + PE
    Total System Jitter     (TSJ):    0.071ns
    Total Input Jitter      (TIJ):    0.000ns
    Discrete Jitter          (DJ):    0.000ns
    Phase Error              (PE):    0.000ns

    Location             Delay type                Incr(ns)  Path(ns)    Netlist Resource(s)
  -------------------------------------------------------------------    -------------------
                         (clock sys_clk_pin rise edge)
                                                      0.000     0.000 r  
    E3                                                0.000     0.000 r  clk (IN)
                         net (fo=0)                   0.000     0.000    clk
    E3                   IBUF (Prop_ibuf_I_O)         1.482     1.482 r  clk_IBUF_inst/O
                         net (fo=1, routed)           2.025     3.506    clk_IBUF
    BUFGCTRL_X0Y16       BUFG (Prop_bufg_I_O)         0.096     3.602 r  clk_IBUF_BUFG_inst/O
                         net (fo=18, routed)          1.712     5.315    ledmux2/clk
    SLICE_X1Y70          FDRE                                         r  ledmux2/q_reg_reg[1]/C
  -------------------------------------------------------------------    -------------------
    SLICE_X1Y70          FDRE (Prop_fdre_C_Q)         0.456     5.771 r  ledmux2/q_reg_reg[1]/Q
                         net (fo=1, routed)           0.480     6.251    ledmux2/q_reg_reg_n_0_[1]
    SLICE_X1Y70          CARRY4 (Prop_carry4_S[1]_CO[3])
                                                      0.674     6.925 r  ledmux2/q_reg_reg[0]_i_1/CO[3]
                         net (fo=1, routed)           0.000     6.925    ledmux2/q_reg_reg[0]_i_1_n_0
    SLICE_X1Y71          CARRY4 (Prop_carry4_CI_CO[3])
                                                      0.114     7.039 r  ledmux2/q_reg_reg[4]_i_1/CO[3]
                         net (fo=1, routed)           0.000     7.039    ledmux2/q_reg_reg[4]_i_1_n_0
    SLICE_X1Y72          CARRY4 (Prop_carry4_CI_CO[3])
                                                      0.114     7.153 r  ledmux2/q_reg_reg[8]_i_1/CO[3]
                         net (fo=1, routed)           0.000     7.153    ledmux2/q_reg_reg[8]_i_1_n_0
    SLICE_X1Y73          CARRY4 (Prop_carry4_CI_O[3])
                                                      0.313     7.466 r  ledmux2/q_reg_reg[12]_i_1/O[3]
                         net (fo=1, routed)           0.000     7.466    ledmux2/q_reg_reg[12]_i_1_n_4
    SLICE_X1Y73          FDRE                                         r  ledmux2/q_reg_reg[15]/D
  -------------------------------------------------------------------    -------------------

                         (clock sys_clk_pin rise edge)
                                                     10.000    10.000 r  
    E3                                                0.000    10.000 r  clk (IN)
                         net (fo=0)                   0.000    10.000    clk
    E3                   IBUF (Prop_ibuf_I_O)         1.411    11.411 r  clk_IBUF_inst/O
                         net (fo=1, routed)           1.920    13.331    clk_IBUF
    BUFGCTRL_X0Y16       BUFG (Prop_bufg_I_O)         0.091    13.422 r  clk_IBUF_BUFG_inst/O
                         net (fo=18, routed)          1.590    15.013    ledmux2/clk
    SLICE_X1Y73          FDRE                                         r  ledmux2/q_reg_reg[15]/C
                         clock pessimism              0.275    15.288    
                         clock uncertainty           -0.035    15.252    
    SLICE_X1Y73          FDRE (Setup_fdre_C_D)        0.062    15.314    ledmux2/q_reg_reg[15]
  -------------------------------------------------------------------
                         required time                         15.314    
                         arrival time                          -7.466    
  -------------------------------------------------------------------
                         slack                                  7.848    

Slack (MET) :             7.922ns  (required time - arrival time)
  Source:                 ledmux2/q_reg_reg[1]/C
                            (rising edge-triggered cell FDRE clocked by sys_clk_pin  {rise@0.000ns fall@5.000ns period=10.000ns})
  Destination:            ledmux2/q_reg_reg[14]/D
                            (rising edge-triggered cell FDRE clocked by sys_clk_pin  {rise@0.000ns fall@5.000ns period=10.000ns})
  Path Group:             sys_clk_pin
  Path Type:              Setup (Max at Slow Process Corner)
  Requirement:            10.000ns  (sys_clk_pin rise@10.000ns - sys_clk_pin rise@0.000ns)
  Data Path Delay:        2.077ns  (logic 1.597ns (76.872%)  route 0.480ns (23.128%))
  Logic Levels:           4  (CARRY4=4)
  Clock Path Skew:        -0.027ns (DCD - SCD + CPR)
    Destination Clock Delay (DCD):    5.013ns = ( 15.013 - 10.000 ) 
    Source Clock Delay      (SCD):    5.315ns
    Clock Pessimism Removal (CPR):    0.275ns
  Clock Uncertainty:      0.035ns  ((TSJ^2 + TIJ^2)^1/2 + DJ) / 2 + PE
    Total System Jitter     (TSJ):    0.071ns
    Total Input Jitter      (TIJ):    0.000ns
    Discrete Jitter          (DJ):    0.000ns
    Phase Error              (PE):    0.000ns

    Location             Delay type                Incr(ns)  Path(ns)    Netlist Resource(s)
  -------------------------------------------------------------------    -------------------
                         (clock sys_clk_pin rise edge)
                                                      0.000     0.000 r  
    E3                                                0.000     0.000 r  clk (IN)
                         net (fo=0)                   0.000     0.000    clk
    E3                   IBUF (Prop_ibuf_I_O)         1.482     1.482 r  clk_IBUF_inst/O
                         net (fo=1, routed)           2.025     3.506    clk_IBUF
    BUFGCTRL_X0Y16       BUFG (Prop_bufg_I_O)         0.096     3.602 r  clk_IBUF_BUFG_inst/O
                         net (fo=18, routed)          1.712     5.315    ledmux2/clk
    SLICE_X1Y70          FDRE                                         r  ledmux2/q_reg_reg[1]/C
  -------------------------------------------------------------------    -------------------
    SLICE_X1Y70          FDRE (Prop_fdre_C_Q)         0.456     5.771 r  ledmux2/q_reg_reg[1]/Q
                         net (fo=1, routed)           0.480     6.251    ledmux2/q_reg_reg_n_0_[1]
    SLICE_X1Y70          CARRY4 (Prop_carry4_S[1]_CO[3])
                                                      0.674     6.925 r  ledmux2/q_reg_reg[0]_i_1/CO[3]
                         net (fo=1, routed)           0.000     6.925    ledmux2/q_reg_reg[0]_i_1_n_0
    SLICE_X1Y71          CARRY4 (Prop_carry4_CI_CO[3])
                                                      0.114     7.039 r  ledmux2/q_reg_reg[4]_i_1/CO[3]
                         net (fo=1, routed)           0.000     7.039    ledmux2/q_reg_reg[4]_i_1_n_0
    SLICE_X1Y72          CARRY4 (Prop_carry4_CI_CO[3])
                                                      0.114     7.153 r  ledmux2/q_reg_reg[8]_i_1/CO[3]
                         net (fo=1, routed)           0.000     7.153    ledmux2/q_reg_reg[8]_i_1_n_0
    SLICE_X1Y73          CARRY4 (Prop_carry4_CI_O[2])
                                                      0.239     7.392 r  ledmux2/q_reg_reg[12]_i_1/O[2]
                         net (fo=1, routed)           0.000     7.392    ledmux2/q_reg_reg[12]_i_1_n_5
    SLICE_X1Y73          FDRE                                         r  ledmux2/q_reg_reg[14]/D
  -------------------------------------------------------------------    -------------------

                         (clock sys_clk_pin rise edge)
                                                     10.000    10.000 r  
    E3                                                0.000    10.000 r  clk (IN)
                         net (fo=0)                   0.000    10.000    clk
    E3                   IBUF (Prop_ibuf_I_O)         1.411    11.411 r  clk_IBUF_inst/O
                         net (fo=1, routed)           1.920    13.331    clk_IBUF
    BUFGCTRL_X0Y16       BUFG (Prop_bufg_I_O)         0.091    13.422 r  clk_IBUF_BUFG_inst/O
                         net (fo=18, routed)          1.590    15.013    ledmux2/clk
    SLICE_X1Y73          FDRE                                         r  ledmux2/q_reg_reg[14]/C
                         clock pessimism              0.275    15.288    
                         clock uncertainty           -0.035    15.252    
    SLICE_X1Y73          FDRE (Setup_fdre_C_D)        0.062    15.314    ledmux2/q_reg_reg[14]
  -------------------------------------------------------------------
                         required time                         15.314    
                         arrival time                          -7.392    
  -------------------------------------------------------------------
                         slack                                  7.922    

Slack (MET) :             7.938ns  (required time - arrival time)
  Source:                 ledmux2/q_reg_reg[1]/C
                            (rising edge-triggered cell FDRE clocked by sys_clk_pin  {rise@0.000ns fall@5.000ns period=10.000ns})
  Destination:            ledmux2/q_reg_reg[12]/D
                            (rising edge-triggered cell FDRE clocked by sys_clk_pin  {rise@0.000ns fall@5.000ns period=10.000ns})
  Path Group:             sys_clk_pin
  Path Type:              Setup (Max at Slow Process Corner)
  Requirement:            10.000ns  (sys_clk_pin rise@10.000ns - sys_clk_pin rise@0.000ns)
  Data Path Delay:        2.061ns  (logic 1.581ns (76.692%)  route 0.480ns (23.308%))
  Logic Levels:           4  (CARRY4=4)
  Clock Path Skew:        -0.027ns (DCD - SCD + CPR)
    Destination Clock Delay (DCD):    5.013ns = ( 15.013 - 10.000 ) 
    Source Clock Delay      (SCD):    5.315ns
    Clock Pessimism Removal (CPR):    0.275ns
  Clock Uncertainty:      0.035ns  ((TSJ^2 + TIJ^2)^1/2 + DJ) / 2 + PE
    Total System Jitter     (TSJ):    0.071ns
    Total Input Jitter      (TIJ):    0.000ns
    Discrete Jitter          (DJ):    0.000ns
    Phase Error              (PE):    0.000ns

    Location             Delay type                Incr(ns)  Path(ns)    Netlist Resource(s)
  -------------------------------------------------------------------    -------------------
                         (clock sys_clk_pin rise edge)
                                                      0.000     0.000 r  
    E3                                                0.000     0.000 r  clk (IN)
                         net (fo=0)                   0.000     0.000    clk
    E3                   IBUF (Prop_ibuf_I_O)         1.482     1.482 r  clk_IBUF_inst/O
                         net (fo=1, routed)           2.025     3.506    clk_IBUF
    BUFGCTRL_X0Y16       BUFG (Prop_bufg_I_O)         0.096     3.602 r  clk_IBUF_BUFG_inst/O
                         net (fo=18, routed)          1.712     5.315    ledmux2/clk
    SLICE_X1Y70          FDRE                                         r  ledmux2/q_reg_reg[1]/C
  -------------------------------------------------------------------    -------------------
    SLICE_X1Y70          FDRE (Prop_fdre_C_Q)         0.456     5.771 r  ledmux2/q_reg_reg[1]/Q
                         net (fo=1, routed)           0.480     6.251    ledmux2/q_reg_reg_n_0_[1]
    SLICE_X1Y70          CARRY4 (Prop_carry4_S[1]_CO[3])
                                                      0.674     6.925 r  ledmux2/q_reg_reg[0]_i_1/CO[3]
                         net (fo=1, routed)           0.000     6.925    ledmux2/q_reg_reg[0]_i_1_n_0
    SLICE_X1Y71          CARRY4 (Prop_carry4_CI_CO[3])
                                                      0.114     7.039 r  ledmux2/q_reg_reg[4]_i_1/CO[3]
                         net (fo=1, routed)           0.000     7.039    ledmux2/q_reg_reg[4]_i_1_n_0
    SLICE_X1Y72          CARRY4 (Prop_carry4_CI_CO[3])
                                                      0.114     7.153 r  ledmux2/q_reg_reg[8]_i_1/CO[3]
                         net (fo=1, routed)           0.000     7.153    ledmux2/q_reg_reg[8]_i_1_n_0
    SLICE_X1Y73          CARRY4 (Prop_carry4_CI_O[0])
                                                      0.223     7.376 r  ledmux2/q_reg_reg[12]_i_1/O[0]
                         net (fo=1, routed)           0.000     7.376    ledmux2/q_reg_reg[12]_i_1_n_7
    SLICE_X1Y73          FDRE                                         r  ledmux2/q_reg_reg[12]/D
  -------------------------------------------------------------------    -------------------

                         (clock sys_clk_pin rise edge)
                                                     10.000    10.000 r  
    E3                                                0.000    10.000 r  clk (IN)
                         net (fo=0)                   0.000    10.000    clk
    E3                   IBUF (Prop_ibuf_I_O)         1.411    11.411 r  clk_IBUF_inst/O
                         net (fo=1, routed)           1.920    13.331    clk_IBUF
    BUFGCTRL_X0Y16       BUFG (Prop_bufg_I_O)         0.091    13.422 r  clk_IBUF_BUFG_inst/O
                         net (fo=18, routed)          1.590    15.013    ledmux2/clk
    SLICE_X1Y73          FDRE                                         r  ledmux2/q_reg_reg[12]/C
                         clock pessimism              0.275    15.288    
                         clock uncertainty           -0.035    15.252    
    SLICE_X1Y73          FDRE (Setup_fdre_C_D)        0.062    15.314    ledmux2/q_reg_reg[12]
  -------------------------------------------------------------------
                         required time                         15.314    
                         arrival time                          -7.376    
  -------------------------------------------------------------------
                         slack                                  7.938    

Slack (MET) :             7.942ns  (required time - arrival time)
  Source:                 ledmux2/q_reg_reg[1]/C
                            (rising edge-triggered cell FDRE clocked by sys_clk_pin  {rise@0.000ns fall@5.000ns period=10.000ns})
  Destination:            ledmux2/q_reg_reg[9]/D
                            (rising edge-triggered cell FDRE clocked by sys_clk_pin  {rise@0.000ns fall@5.000ns period=10.000ns})
  Path Group:             sys_clk_pin
  Path Type:              Setup (Max at Slow Process Corner)
  Requirement:            10.000ns  (sys_clk_pin rise@10.000ns - sys_clk_pin rise@0.000ns)
  Data Path Delay:        2.058ns  (logic 1.578ns (76.658%)  route 0.480ns (23.342%))
  Logic Levels:           3  (CARRY4=3)
  Clock Path Skew:        -0.026ns (DCD - SCD + CPR)
    Destination Clock Delay (DCD):    5.014ns = ( 15.014 - 10.000 ) 
    Source Clock Delay      (SCD):    5.315ns
    Clock Pessimism Removal (CPR):    0.275ns
  Clock Uncertainty:      0.035ns  ((TSJ^2 + TIJ^2)^1/2 + DJ) / 2 + PE
    Total System Jitter     (TSJ):    0.071ns
    Total Input Jitter      (TIJ):    0.000ns
    Discrete Jitter          (DJ):    0.000ns
    Phase Error              (PE):    0.000ns

    Location             Delay type                Incr(ns)  Path(ns)    Netlist Resource(s)
  -------------------------------------------------------------------    -------------------
                         (clock sys_clk_pin rise edge)
                                                      0.000     0.000 r  
    E3                                                0.000     0.000 r  clk (IN)
                         net (fo=0)                   0.000     0.000    clk
    E3                   IBUF (Prop_ibuf_I_O)         1.482     1.482 r  clk_IBUF_inst/O
                         net (fo=1, routed)           2.025     3.506    clk_IBUF
    BUFGCTRL_X0Y16       BUFG (Prop_bufg_I_O)         0.096     3.602 r  clk_IBUF_BUFG_inst/O
                         net (fo=18, routed)          1.712     5.315    ledmux2/clk
    SLICE_X1Y70          FDRE                                         r  ledmux2/q_reg_reg[1]/C
  -------------------------------------------------------------------    -------------------
    SLICE_X1Y70          FDRE (Prop_fdre_C_Q)         0.456     5.771 r  ledmux2/q_reg_reg[1]/Q
                         net (fo=1, routed)           0.480     6.251    ledmux2/q_reg_reg_n_0_[1]
    SLICE_X1Y70          CARRY4 (Prop_carry4_S[1]_CO[3])
                                                      0.674     6.925 r  ledmux2/q_reg_reg[0]_i_1/CO[3]
                         net (fo=1, routed)           0.000     6.925    ledmux2/q_reg_reg[0]_i_1_n_0
    SLICE_X1Y71          CARRY4 (Prop_carry4_CI_CO[3])
                                                      0.114     7.039 r  ledmux2/q_reg_reg[4]_i_1/CO[3]
                         net (fo=1, routed)           0.000     7.039    ledmux2/q_reg_reg[4]_i_1_n_0
    SLICE_X1Y72          CARRY4 (Prop_carry4_CI_O[1])
                                                      0.334     7.373 r  ledmux2/q_reg_reg[8]_i_1/O[1]
                         net (fo=1, routed)           0.000     7.373    ledmux2/q_reg_reg[8]_i_1_n_6
    SLICE_X1Y72          FDRE                                         r  ledmux2/q_reg_reg[9]/D
  -------------------------------------------------------------------    -------------------

                         (clock sys_clk_pin rise edge)
                                                     10.000    10.000 r  
    E3                                                0.000    10.000 r  clk (IN)
                         net (fo=0)                   0.000    10.000    clk
    E3                   IBUF (Prop_ibuf_I_O)         1.411    11.411 r  clk_IBUF_inst/O
                         net (fo=1, routed)           1.920    13.331    clk_IBUF
    BUFGCTRL_X0Y16       BUFG (Prop_bufg_I_O)         0.091    13.422 r  clk_IBUF_BUFG_inst/O
                         net (fo=18, routed)          1.591    15.014    ledmux2/clk
    SLICE_X1Y72          FDRE                                         r  ledmux2/q_reg_reg[9]/C
                         clock pessimism              0.275    15.289    
                         clock uncertainty           -0.035    15.253    
    SLICE_X1Y72          FDRE (Setup_fdre_C_D)        0.062    15.315    ledmux2/q_reg_reg[9]
  -------------------------------------------------------------------
                         required time                         15.315    
                         arrival time                          -7.373    
  -------------------------------------------------------------------
                         slack                                  7.942    

Slack (MET) :             7.963ns  (required time - arrival time)
  Source:                 ledmux2/q_reg_reg[1]/C
                            (rising edge-triggered cell FDRE clocked by sys_clk_pin  {rise@0.000ns fall@5.000ns period=10.000ns})
  Destination:            ledmux2/q_reg_reg[11]/D
                            (rising edge-triggered cell FDRE clocked by sys_clk_pin  {rise@0.000ns fall@5.000ns period=10.000ns})
  Path Group:             sys_clk_pin
  Path Type:              Setup (Max at Slow Process Corner)
  Requirement:            10.000ns  (sys_clk_pin rise@10.000ns - sys_clk_pin rise@0.000ns)
  Data Path Delay:        2.037ns  (logic 1.557ns (76.418%)  route 0.480ns (23.582%))
  Logic Levels:           3  (CARRY4=3)
  Clock Path Skew:        -0.026ns (DCD - SCD + CPR)
    Destination Clock Delay (DCD):    5.014ns = ( 15.014 - 10.000 ) 
    Source Clock Delay      (SCD):    5.315ns
    Clock Pessimism Removal (CPR):    0.275ns
  Clock Uncertainty:      0.035ns  ((TSJ^2 + TIJ^2)^1/2 + DJ) / 2 + PE
    Total System Jitter     (TSJ):    0.071ns
    Total Input Jitter      (TIJ):    0.000ns
    Discrete Jitter          (DJ):    0.000ns
    Phase Error              (PE):    0.000ns

    Location             Delay type                Incr(ns)  Path(ns)    Netlist Resource(s)
  -------------------------------------------------------------------    -------------------
                         (clock sys_clk_pin rise edge)
                                                      0.000     0.000 r  
    E3                                                0.000     0.000 r  clk (IN)
                         net (fo=0)                   0.000     0.000    clk
    E3                   IBUF (Prop_ibuf_I_O)         1.482     1.482 r  clk_IBUF_inst/O
                         net (fo=1, routed)           2.025     3.506    clk_IBUF
    BUFGCTRL_X0Y16       BUFG (Prop_bufg_I_O)         0.096     3.602 r  clk_IBUF_BUFG_inst/O
                         net (fo=18, routed)          1.712     5.315    ledmux2/clk
    SLICE_X1Y70          FDRE                                         r  ledmux2/q_reg_reg[1]/C
  -------------------------------------------------------------------    -------------------
    SLICE_X1Y70          FDRE (Prop_fdre_C_Q)         0.456     5.771 r  ledmux2/q_reg_reg[1]/Q
                         net (fo=1, routed)           0.480     6.251    ledmux2/q_reg_reg_n_0_[1]
    SLICE_X1Y70          CARRY4 (Prop_carry4_S[1]_CO[3])
                                                      0.674     6.925 r  ledmux2/q_reg_reg[0]_i_1/CO[3]
                         net (fo=1, routed)           0.000     6.925    ledmux2/q_reg_reg[0]_i_1_n_0
    SLICE_X1Y71          CARRY4 (Prop_carry4_CI_CO[3])
                                                      0.114     7.039 r  ledmux2/q_reg_reg[4]_i_1/CO[3]
                         net (fo=1, routed)           0.000     7.039    ledmux2/q_reg_reg[4]_i_1_n_0
    SLICE_X1Y72          CARRY4 (Prop_carry4_CI_O[3])
                                                      0.313     7.352 r  ledmux2/q_reg_reg[8]_i_1/O[3]
                         net (fo=1, routed)           0.000     7.352    ledmux2/q_reg_reg[8]_i_1_n_4
    SLICE_X1Y72          FDRE                                         r  ledmux2/q_reg_reg[11]/D
  -------------------------------------------------------------------    -------------------

                         (clock sys_clk_pin rise edge)
                                                     10.000    10.000 r  
    E3                                                0.000    10.000 r  clk (IN)
                         net (fo=0)                   0.000    10.000    clk
    E3                   IBUF (Prop_ibuf_I_O)         1.411    11.411 r  clk_IBUF_inst/O
                         net (fo=1, routed)           1.920    13.331    clk_IBUF
    BUFGCTRL_X0Y16       BUFG (Prop_bufg_I_O)         0.091    13.422 r  clk_IBUF_BUFG_inst/O
                         net (fo=18, routed)          1.591    15.014    ledmux2/clk
    SLICE_X1Y72          FDRE                                         r  ledmux2/q_reg_reg[11]/C
                         clock pessimism              0.275    15.289    
                         clock uncertainty           -0.035    15.253    
    SLICE_X1Y72          FDRE (Setup_fdre_C_D)        0.062    15.315    ledmux2/q_reg_reg[11]
  -------------------------------------------------------------------
                         required time                         15.315    
                         arrival time                          -7.352    
  -------------------------------------------------------------------
                         slack                                  7.963    

Slack (MET) :             8.037ns  (required time - arrival time)
  Source:                 ledmux2/q_reg_reg[1]/C
                            (rising edge-triggered cell FDRE clocked by sys_clk_pin  {rise@0.000ns fall@5.000ns period=10.000ns})
  Destination:            ledmux2/q_reg_reg[10]/D
                            (rising edge-triggered cell FDRE clocked by sys_clk_pin  {rise@0.000ns fall@5.000ns period=10.000ns})
  Path Group:             sys_clk_pin
  Path Type:              Setup (Max at Slow Process Corner)
  Requirement:            10.000ns  (sys_clk_pin rise@10.000ns - sys_clk_pin rise@0.000ns)
  Data Path Delay:        1.963ns  (logic 1.483ns (75.529%)  route 0.480ns (24.471%))
  Logic Levels:           3  (CARRY4=3)
  Clock Path Skew:        -0.026ns (DCD - SCD + CPR)
    Destination Clock Delay (DCD):    5.014ns = ( 15.014 - 10.000 ) 
    Source Clock Delay      (SCD):    5.315ns
    Clock Pessimism Removal (CPR):    0.275ns
  Clock Uncertainty:      0.035ns  ((TSJ^2 + TIJ^2)^1/2 + DJ) / 2 + PE
    Total System Jitter     (TSJ):    0.071ns
    Total Input Jitter      (TIJ):    0.000ns
    Discrete Jitter          (DJ):    0.000ns
    Phase Error              (PE):    0.000ns

    Location             Delay type                Incr(ns)  Path(ns)    Netlist Resource(s)
  -------------------------------------------------------------------    -------------------
                         (clock sys_clk_pin rise edge)
                                                      0.000     0.000 r  
    E3                                                0.000     0.000 r  clk (IN)
                         net (fo=0)                   0.000     0.000    clk
    E3                   IBUF (Prop_ibuf_I_O)         1.482     1.482 r  clk_IBUF_inst/O
                         net (fo=1, routed)           2.025     3.506    clk_IBUF
    BUFGCTRL_X0Y16       BUFG (Prop_bufg_I_O)         0.096     3.602 r  clk_IBUF_BUFG_inst/O
                         net (fo=18, routed)          1.712     5.315    ledmux2/clk
    SLICE_X1Y70          FDRE                                         r  ledmux2/q_reg_reg[1]/C
  -------------------------------------------------------------------    -------------------
    SLICE_X1Y70          FDRE (Prop_fdre_C_Q)         0.456     5.771 r  ledmux2/q_reg_reg[1]/Q
                         net (fo=1, routed)           0.480     6.251    ledmux2/q_reg_reg_n_0_[1]
    SLICE_X1Y70          CARRY4 (Prop_carry4_S[1]_CO[3])
                                                      0.674     6.925 r  ledmux2/q_reg_reg[0]_i_1/CO[3]
                         net (fo=1, routed)           0.000     6.925    ledmux2/q_reg_reg[0]_i_1_n_0
    SLICE_X1Y71          CARRY4 (Prop_carry4_CI_CO[3])
                                                      0.114     7.039 r  ledmux2/q_reg_reg[4]_i_1/CO[3]
                         net (fo=1, routed)           0.000     7.039    ledmux2/q_reg_reg[4]_i_1_n_0
    SLICE_X1Y72          CARRY4 (Prop_carry4_CI_O[2])
                                                      0.239     7.278 r  ledmux2/q_reg_reg[8]_i_1/O[2]
                         net (fo=1, routed)           0.000     7.278    ledmux2/q_reg_reg[8]_i_1_n_5
    SLICE_X1Y72          FDRE                                         r  ledmux2/q_reg_reg[10]/D
  -------------------------------------------------------------------    -------------------

                         (clock sys_clk_pin rise edge)
                                                     10.000    10.000 r  
    E3                                                0.000    10.000 r  clk (IN)
                         net (fo=0)                   0.000    10.000    clk
    E3                   IBUF (Prop_ibuf_I_O)         1.411    11.411 r  clk_IBUF_inst/O
                         net (fo=1, routed)           1.920    13.331    clk_IBUF
    BUFGCTRL_X0Y16       BUFG (Prop_bufg_I_O)         0.091    13.422 r  clk_IBUF_BUFG_inst/O
                         net (fo=18, routed)          1.591    15.014    ledmux2/clk
    SLICE_X1Y72          FDRE                                         r  ledmux2/q_reg_reg[10]/C
                         clock pessimism              0.275    15.289    
                         clock uncertainty           -0.035    15.253    
    SLICE_X1Y72          FDRE (Setup_fdre_C_D)        0.062    15.315    ledmux2/q_reg_reg[10]
  -------------------------------------------------------------------
                         required time                         15.315    
                         arrival time                          -7.278    
  -------------------------------------------------------------------
                         slack                                  8.037    

Slack (MET) :             8.053ns  (required time - arrival time)
  Source:                 ledmux2/q_reg_reg[1]/C
                            (rising edge-triggered cell FDRE clocked by sys_clk_pin  {rise@0.000ns fall@5.000ns period=10.000ns})
  Destination:            ledmux2/q_reg_reg[8]/D
                            (rising edge-triggered cell FDRE clocked by sys_clk_pin  {rise@0.000ns fall@5.000ns period=10.000ns})
  Path Group:             sys_clk_pin
  Path Type:              Setup (Max at Slow Process Corner)
  Requirement:            10.000ns  (sys_clk_pin rise@10.000ns - sys_clk_pin rise@0.000ns)
  Data Path Delay:        1.947ns  (logic 1.467ns (75.328%)  route 0.480ns (24.672%))
  Logic Levels:           3  (CARRY4=3)
  Clock Path Skew:        -0.026ns (DCD - SCD + CPR)
    Destination Clock Delay (DCD):    5.014ns = ( 15.014 - 10.000 ) 
    Source Clock Delay      (SCD):    5.315ns
    Clock Pessimism Removal (CPR):    0.275ns
  Clock Uncertainty:      0.035ns  ((TSJ^2 + TIJ^2)^1/2 + DJ) / 2 + PE
    Total System Jitter     (TSJ):    0.071ns
    Total Input Jitter      (TIJ):    0.000ns
    Discrete Jitter          (DJ):    0.000ns
    Phase Error              (PE):    0.000ns

    Location             Delay type                Incr(ns)  Path(ns)    Netlist Resource(s)
  -------------------------------------------------------------------    -------------------
                         (clock sys_clk_pin rise edge)
                                                      0.000     0.000 r  
    E3                                                0.000     0.000 r  clk (IN)
                         net (fo=0)                   0.000     0.000    clk
    E3                   IBUF (Prop_ibuf_I_O)         1.482     1.482 r  clk_IBUF_inst/O
                         net (fo=1, routed)           2.025     3.506    clk_IBUF
    BUFGCTRL_X0Y16       BUFG (Prop_bufg_I_O)         0.096     3.602 r  clk_IBUF_BUFG_inst/O
                         net (fo=18, routed)          1.712     5.315    ledmux2/clk
    SLICE_X1Y70          FDRE                                         r  ledmux2/q_reg_reg[1]/C
  -------------------------------------------------------------------    -------------------
    SLICE_X1Y70          FDRE (Prop_fdre_C_Q)         0.456     5.771 r  ledmux2/q_reg_reg[1]/Q
                         net (fo=1, routed)           0.480     6.251    ledmux2/q_reg_reg_n_0_[1]
    SLICE_X1Y70          CARRY4 (Prop_carry4_S[1]_CO[3])
                                                      0.674     6.925 r  ledmux2/q_reg_reg[0]_i_1/CO[3]
                         net (fo=1, routed)           0.000     6.925    ledmux2/q_reg_reg[0]_i_1_n_0
    SLICE_X1Y71          CARRY4 (Prop_carry4_CI_CO[3])
                                                      0.114     7.039 r  ledmux2/q_reg_reg[4]_i_1/CO[3]
                         net (fo=1, routed)           0.000     7.039    ledmux2/q_reg_reg[4]_i_1_n_0
    SLICE_X1Y72          CARRY4 (Prop_carry4_CI_O[0])
                                                      0.223     7.262 r  ledmux2/q_reg_reg[8]_i_1/O[0]
                         net (fo=1, routed)           0.000     7.262    ledmux2/q_reg_reg[8]_i_1_n_7
    SLICE_X1Y72          FDRE                                         r  ledmux2/q_reg_reg[8]/D
  -------------------------------------------------------------------    -------------------

                         (clock sys_clk_pin rise edge)
                                                     10.000    10.000 r  
    E3                                                0.000    10.000 r  clk (IN)
                         net (fo=0)                   0.000    10.000    clk
    E3                   IBUF (Prop_ibuf_I_O)         1.411    11.411 r  clk_IBUF_inst/O
                         net (fo=1, routed)           1.920    13.331    clk_IBUF
    BUFGCTRL_X0Y16       BUFG (Prop_bufg_I_O)         0.091    13.422 r  clk_IBUF_BUFG_inst/O
                         net (fo=18, routed)          1.591    15.014    ledmux2/clk
    SLICE_X1Y72          FDRE                                         r  ledmux2/q_reg_reg[8]/C
                         clock pessimism              0.275    15.289    
                         clock uncertainty           -0.035    15.253    
    SLICE_X1Y72          FDRE (Setup_fdre_C_D)        0.062    15.315    ledmux2/q_reg_reg[8]
  -------------------------------------------------------------------
                         required time                         15.315    
                         arrival time                          -7.262    
  -------------------------------------------------------------------
                         slack                                  8.053    





Min Delay Paths
--------------------------------------------------------------------------------------
Slack (MET) :             0.252ns  (arrival time - required time)
  Source:                 ledmux2/q_reg_reg[7]/C
                            (rising edge-triggered cell FDRE clocked by sys_clk_pin  {rise@0.000ns fall@5.000ns period=10.000ns})
  Destination:            ledmux2/q_reg_reg[7]/D
                            (rising edge-triggered cell FDRE clocked by sys_clk_pin  {rise@0.000ns fall@5.000ns period=10.000ns})
  Path Group:             sys_clk_pin
  Path Type:              Hold (Min at Fast Process Corner)
  Requirement:            0.000ns  (sys_clk_pin rise@0.000ns - sys_clk_pin rise@0.000ns)
  Data Path Delay:        0.357ns  (logic 0.249ns (69.714%)  route 0.108ns (30.286%))
  Logic Levels:           1  (CARRY4=1)
  Clock Path Skew:        0.000ns (DCD - SCD - CPR)
    Destination Clock Delay (DCD):    2.030ns
    Source Clock Delay      (SCD):    1.513ns
    Clock Pessimism Removal (CPR):    0.516ns

    Location             Delay type                Incr(ns)  Path(ns)    Netlist Resource(s)
  -------------------------------------------------------------------    -------------------
                         (clock sys_clk_pin rise edge)
                                                      0.000     0.000 r  
    E3                                                0.000     0.000 r  clk (IN)
                         net (fo=0)                   0.000     0.000    clk
    E3                   IBUF (Prop_ibuf_I_O)         0.250     0.250 r  clk_IBUF_inst/O
                         net (fo=1, routed)           0.644     0.894    clk_IBUF
    BUFGCTRL_X0Y16       BUFG (Prop_bufg_I_O)         0.026     0.920 r  clk_IBUF_BUFG_inst/O
                         net (fo=18, routed)          0.594     1.513    ledmux2/clk
    SLICE_X1Y71          FDRE                                         r  ledmux2/q_reg_reg[7]/C
  -------------------------------------------------------------------    -------------------
    SLICE_X1Y71          FDRE (Prop_fdre_C_Q)         0.141     1.654 r  ledmux2/q_reg_reg[7]/Q
                         net (fo=1, routed)           0.108     1.763    ledmux2/q_reg_reg_n_0_[7]
    SLICE_X1Y71          CARRY4 (Prop_carry4_S[3]_O[3])
                                                      0.108     1.871 r  ledmux2/q_reg_reg[4]_i_1/O[3]
                         net (fo=1, routed)           0.000     1.871    ledmux2/q_reg_reg[4]_i_1_n_4
    SLICE_X1Y71          FDRE                                         r  ledmux2/q_reg_reg[7]/D
  -------------------------------------------------------------------    -------------------

                         (clock sys_clk_pin rise edge)
                                                      0.000     0.000 r  
    E3                                                0.000     0.000 r  clk (IN)
                         net (fo=0)                   0.000     0.000    clk
    E3                   IBUF (Prop_ibuf_I_O)         0.438     0.438 r  clk_IBUF_inst/O
                         net (fo=1, routed)           0.699     1.136    clk_IBUF
    BUFGCTRL_X0Y16       BUFG (Prop_bufg_I_O)         0.029     1.165 r  clk_IBUF_BUFG_inst/O
                         net (fo=18, routed)          0.865     2.030    ledmux2/clk
    SLICE_X1Y71          FDRE                                         r  ledmux2/q_reg_reg[7]/C
                         clock pessimism             -0.516     1.513    
    SLICE_X1Y71          FDRE (Hold_fdre_C_D)         0.105     1.618    ledmux2/q_reg_reg[7]
  -------------------------------------------------------------------
                         required time                         -1.618    
                         arrival time                           1.871    
  -------------------------------------------------------------------
                         slack                                  0.252    

Slack (MET) :             0.252ns  (arrival time - required time)
  Source:                 ledmux2/q_reg_reg[11]/C
                            (rising edge-triggered cell FDRE clocked by sys_clk_pin  {rise@0.000ns fall@5.000ns period=10.000ns})
  Destination:            ledmux2/q_reg_reg[11]/D
                            (rising edge-triggered cell FDRE clocked by sys_clk_pin  {rise@0.000ns fall@5.000ns period=10.000ns})
  Path Group:             sys_clk_pin
  Path Type:              Hold (Min at Fast Process Corner)
  Requirement:            0.000ns  (sys_clk_pin rise@0.000ns - sys_clk_pin rise@0.000ns)
  Data Path Delay:        0.357ns  (logic 0.249ns (69.714%)  route 0.108ns (30.286%))
  Logic Levels:           1  (CARRY4=1)
  Clock Path Skew:        0.000ns (DCD - SCD - CPR)
    Destination Clock Delay (DCD):    2.029ns
    Source Clock Delay      (SCD):    1.513ns
    Clock Pessimism Removal (CPR):    0.515ns

    Location             Delay type                Incr(ns)  Path(ns)    Netlist Resource(s)
  -------------------------------------------------------------------    -------------------
                         (clock sys_clk_pin rise edge)
                                                      0.000     0.000 r  
    E3                                                0.000     0.000 r  clk (IN)
                         net (fo=0)                   0.000     0.000    clk
    E3                   IBUF (Prop_ibuf_I_O)         0.250     0.250 r  clk_IBUF_inst/O
                         net (fo=1, routed)           0.644     0.894    clk_IBUF
    BUFGCTRL_X0Y16       BUFG (Prop_bufg_I_O)         0.026     0.920 r  clk_IBUF_BUFG_inst/O
                         net (fo=18, routed)          0.594     1.513    ledmux2/clk
    SLICE_X1Y72          FDRE                                         r  ledmux2/q_reg_reg[11]/C
  -------------------------------------------------------------------    -------------------
    SLICE_X1Y72          FDRE (Prop_fdre_C_Q)         0.141     1.654 r  ledmux2/q_reg_reg[11]/Q
                         net (fo=1, routed)           0.108     1.763    ledmux2/q_reg_reg_n_0_[11]
    SLICE_X1Y72          CARRY4 (Prop_carry4_S[3]_O[3])
                                                      0.108     1.871 r  ledmux2/q_reg_reg[8]_i_1/O[3]
                         net (fo=1, routed)           0.000     1.871    ledmux2/q_reg_reg[8]_i_1_n_4
    SLICE_X1Y72          FDRE                                         r  ledmux2/q_reg_reg[11]/D
  -------------------------------------------------------------------    -------------------

                         (clock sys_clk_pin rise edge)
                                                      0.000     0.000 r  
    E3                                                0.000     0.000 r  clk (IN)
                         net (fo=0)                   0.000     0.000    clk
    E3                   IBUF (Prop_ibuf_I_O)         0.438     0.438 r  clk_IBUF_inst/O
                         net (fo=1, routed)           0.699     1.136    clk_IBUF
    BUFGCTRL_X0Y16       BUFG (Prop_bufg_I_O)         0.029     1.165 r  clk_IBUF_BUFG_inst/O
                         net (fo=18, routed)          0.864     2.029    ledmux2/clk
    SLICE_X1Y72          FDRE                                         r  ledmux2/q_reg_reg[11]/C
                         clock pessimism             -0.515     1.513    
    SLICE_X1Y72          FDRE (Hold_fdre_C_D)         0.105     1.618    ledmux2/q_reg_reg[11]
  -------------------------------------------------------------------
                         required time                         -1.618    
                         arrival time                           1.871    
  -------------------------------------------------------------------
                         slack                                  0.252    

Slack (MET) :             0.252ns  (arrival time - required time)
  Source:                 ledmux2/q_reg_reg[3]/C
                            (rising edge-triggered cell FDRE clocked by sys_clk_pin  {rise@0.000ns fall@5.000ns period=10.000ns})
  Destination:            ledmux2/q_reg_reg[3]/D
                            (rising edge-triggered cell FDRE clocked by sys_clk_pin  {rise@0.000ns fall@5.000ns period=10.000ns})
  Path Group:             sys_clk_pin
  Path Type:              Hold (Min at Fast Process Corner)
  Requirement:            0.000ns  (sys_clk_pin rise@0.000ns - sys_clk_pin rise@0.000ns)
  Data Path Delay:        0.357ns  (logic 0.249ns (69.714%)  route 0.108ns (30.286%))
  Logic Levels:           1  (CARRY4=1)
  Clock Path Skew:        0.000ns (DCD - SCD - CPR)
    Destination Clock Delay (DCD):    2.031ns
    Source Clock Delay      (SCD):    1.514ns
    Clock Pessimism Removal (CPR):    0.516ns

    Location             Delay type                Incr(ns)  Path(ns)    Netlist Resource(s)
  -------------------------------------------------------------------    -------------------
                         (clock sys_clk_pin rise edge)
                                                      0.000     0.000 r  
    E3                                                0.000     0.000 r  clk (IN)
                         net (fo=0)                   0.000     0.000    clk
    E3                   IBUF (Prop_ibuf_I_O)         0.250     0.250 r  clk_IBUF_inst/O
                         net (fo=1, routed)           0.644     0.894    clk_IBUF
    BUFGCTRL_X0Y16       BUFG (Prop_bufg_I_O)         0.026     0.920 r  clk_IBUF_BUFG_inst/O
                         net (fo=18, routed)          0.595     1.514    ledmux2/clk
    SLICE_X1Y70          FDRE                                         r  ledmux2/q_reg_reg[3]/C
  -------------------------------------------------------------------    -------------------
    SLICE_X1Y70          FDRE (Prop_fdre_C_Q)         0.141     1.655 r  ledmux2/q_reg_reg[3]/Q
                         net (fo=1, routed)           0.108     1.764    ledmux2/q_reg_reg_n_0_[3]
    SLICE_X1Y70          CARRY4 (Prop_carry4_S[3]_O[3])
                                                      0.108     1.872 r  ledmux2/q_reg_reg[0]_i_1/O[3]
                         net (fo=1, routed)           0.000     1.872    ledmux2/q_reg_reg[0]_i_1_n_4
    SLICE_X1Y70          FDRE                                         r  ledmux2/q_reg_reg[3]/D
  -------------------------------------------------------------------    -------------------

                         (clock sys_clk_pin rise edge)
                                                      0.000     0.000 r  
    E3                                                0.000     0.000 r  clk (IN)
                         net (fo=0)                   0.000     0.000    clk
    E3                   IBUF (Prop_ibuf_I_O)         0.438     0.438 r  clk_IBUF_inst/O
                         net (fo=1, routed)           0.699     1.136    clk_IBUF
    BUFGCTRL_X0Y16       BUFG (Prop_bufg_I_O)         0.029     1.165 r  clk_IBUF_BUFG_inst/O
                         net (fo=18, routed)          0.866     2.031    ledmux2/clk
    SLICE_X1Y70          FDRE                                         r  ledmux2/q_reg_reg[3]/C
                         clock pessimism             -0.516     1.514    
    SLICE_X1Y70          FDRE (Hold_fdre_C_D)         0.105     1.619    ledmux2/q_reg_reg[3]
  -------------------------------------------------------------------
                         required time                         -1.619    
                         arrival time                           1.872    
  -------------------------------------------------------------------
                         slack                                  0.252    

Slack (MET) :             0.256ns  (arrival time - required time)
  Source:                 ledmux2/q_reg_reg[4]/C
                            (rising edge-triggered cell FDRE clocked by sys_clk_pin  {rise@0.000ns fall@5.000ns period=10.000ns})
  Destination:            ledmux2/q_reg_reg[4]/D
                            (rising edge-triggered cell FDRE clocked by sys_clk_pin  {rise@0.000ns fall@5.000ns period=10.000ns})
  Path Group:             sys_clk_pin
  Path Type:              Hold (Min at Fast Process Corner)
  Requirement:            0.000ns  (sys_clk_pin rise@0.000ns - sys_clk_pin rise@0.000ns)
  Data Path Delay:        0.361ns  (logic 0.256ns (70.880%)  route 0.105ns (29.120%))
  Logic Levels:           1  (CARRY4=1)
  Clock Path Skew:        0.000ns (DCD - SCD - CPR)
    Destination Clock Delay (DCD):    2.030ns
    Source Clock Delay      (SCD):    1.513ns
    Clock Pessimism Removal (CPR):    0.516ns

    Location             Delay type                Incr(ns)  Path(ns)    Netlist Resource(s)
  -------------------------------------------------------------------    -------------------
                         (clock sys_clk_pin rise edge)
                                                      0.000     0.000 r  
    E3                                                0.000     0.000 r  clk (IN)
                         net (fo=0)                   0.000     0.000    clk
    E3                   IBUF (Prop_ibuf_I_O)         0.250     0.250 r  clk_IBUF_inst/O
                         net (fo=1, routed)           0.644     0.894    clk_IBUF
    BUFGCTRL_X0Y16       BUFG (Prop_bufg_I_O)         0.026     0.920 r  clk_IBUF_BUFG_inst/O
                         net (fo=18, routed)          0.594     1.513    ledmux2/clk
    SLICE_X1Y71          FDRE                                         r  ledmux2/q_reg_reg[4]/C
  -------------------------------------------------------------------    -------------------
    SLICE_X1Y71          FDRE (Prop_fdre_C_Q)         0.141     1.654 r  ledmux2/q_reg_reg[4]/Q
                         net (fo=1, routed)           0.105     1.760    ledmux2/q_reg_reg_n_0_[4]
    SLICE_X1Y71          CARRY4 (Prop_carry4_S[0]_O[0])
                                                      0.115     1.875 r  ledmux2/q_reg_reg[4]_i_1/O[0]
                         net (fo=1, routed)           0.000     1.875    ledmux2/q_reg_reg[4]_i_1_n_7
    SLICE_X1Y71          FDRE                                         r  ledmux2/q_reg_reg[4]/D
  -------------------------------------------------------------------    -------------------

                         (clock sys_clk_pin rise edge)
                                                      0.000     0.000 r  
    E3                                                0.000     0.000 r  clk (IN)
                         net (fo=0)                   0.000     0.000    clk
    E3                   IBUF (Prop_ibuf_I_O)         0.438     0.438 r  clk_IBUF_inst/O
                         net (fo=1, routed)           0.699     1.136    clk_IBUF
    BUFGCTRL_X0Y16       BUFG (Prop_bufg_I_O)         0.029     1.165 r  clk_IBUF_BUFG_inst/O
                         net (fo=18, routed)          0.865     2.030    ledmux2/clk
    SLICE_X1Y71          FDRE                                         r  ledmux2/q_reg_reg[4]/C
                         clock pessimism             -0.516     1.513    
    SLICE_X1Y71          FDRE (Hold_fdre_C_D)         0.105     1.618    ledmux2/q_reg_reg[4]
  -------------------------------------------------------------------
                         required time                         -1.618    
                         arrival time                           1.875    
  -------------------------------------------------------------------
                         slack                                  0.256    

Slack (MET) :             0.256ns  (arrival time - required time)
  Source:                 ledmux2/q_reg_reg[8]/C
                            (rising edge-triggered cell FDRE clocked by sys_clk_pin  {rise@0.000ns fall@5.000ns period=10.000ns})
  Destination:            ledmux2/q_reg_reg[8]/D
                            (rising edge-triggered cell FDRE clocked by sys_clk_pin  {rise@0.000ns fall@5.000ns period=10.000ns})
  Path Group:             sys_clk_pin
  Path Type:              Hold (Min at Fast Process Corner)
  Requirement:            0.000ns  (sys_clk_pin rise@0.000ns - sys_clk_pin rise@0.000ns)
  Data Path Delay:        0.361ns  (logic 0.256ns (70.880%)  route 0.105ns (29.120%))
  Logic Levels:           1  (CARRY4=1)
  Clock Path Skew:        0.000ns (DCD - SCD - CPR)
    Destination Clock Delay (DCD):    2.029ns
    Source Clock Delay      (SCD):    1.513ns
    Clock Pessimism Removal (CPR):    0.515ns

    Location             Delay type                Incr(ns)  Path(ns)    Netlist Resource(s)
  -------------------------------------------------------------------    -------------------
                         (clock sys_clk_pin rise edge)
                                                      0.000     0.000 r  
    E3                                                0.000     0.000 r  clk (IN)
                         net (fo=0)                   0.000     0.000    clk
    E3                   IBUF (Prop_ibuf_I_O)         0.250     0.250 r  clk_IBUF_inst/O
                         net (fo=1, routed)           0.644     0.894    clk_IBUF
    BUFGCTRL_X0Y16       BUFG (Prop_bufg_I_O)         0.026     0.920 r  clk_IBUF_BUFG_inst/O
                         net (fo=18, routed)          0.594     1.513    ledmux2/clk
    SLICE_X1Y72          FDRE                                         r  ledmux2/q_reg_reg[8]/C
  -------------------------------------------------------------------    -------------------
    SLICE_X1Y72          FDRE (Prop_fdre_C_Q)         0.141     1.654 r  ledmux2/q_reg_reg[8]/Q
                         net (fo=1, routed)           0.105     1.760    ledmux2/q_reg_reg_n_0_[8]
    SLICE_X1Y72          CARRY4 (Prop_carry4_S[0]_O[0])
                                                      0.115     1.875 r  ledmux2/q_reg_reg[8]_i_1/O[0]
                         net (fo=1, routed)           0.000     1.875    ledmux2/q_reg_reg[8]_i_1_n_7
    SLICE_X1Y72          FDRE                                         r  ledmux2/q_reg_reg[8]/D
  -------------------------------------------------------------------    -------------------

                         (clock sys_clk_pin rise edge)
                                                      0.000     0.000 r  
    E3                                                0.000     0.000 r  clk (IN)
                         net (fo=0)                   0.000     0.000    clk
    E3                   IBUF (Prop_ibuf_I_O)         0.438     0.438 r  clk_IBUF_inst/O
                         net (fo=1, routed)           0.699     1.136    clk_IBUF
    BUFGCTRL_X0Y16       BUFG (Prop_bufg_I_O)         0.029     1.165 r  clk_IBUF_BUFG_inst/O
                         net (fo=18, routed)          0.864     2.029    ledmux2/clk
    SLICE_X1Y72          FDRE                                         r  ledmux2/q_reg_reg[8]/C
                         clock pessimism             -0.515     1.513    
    SLICE_X1Y72          FDRE (Hold_fdre_C_D)         0.105     1.618    ledmux2/q_reg_reg[8]
  -------------------------------------------------------------------
                         required time                         -1.618    
                         arrival time                           1.875    
  -------------------------------------------------------------------
                         slack                                  0.256    

Slack (MET) :             0.256ns  (arrival time - required time)
  Source:                 ledmux2/q_reg_reg[12]/C
                            (rising edge-triggered cell FDRE clocked by sys_clk_pin  {rise@0.000ns fall@5.000ns period=10.000ns})
  Destination:            ledmux2/q_reg_reg[12]/D
                            (rising edge-triggered cell FDRE clocked by sys_clk_pin  {rise@0.000ns fall@5.000ns period=10.000ns})
  Path Group:             sys_clk_pin
  Path Type:              Hold (Min at Fast Process Corner)
  Requirement:            0.000ns  (sys_clk_pin rise@0.000ns - sys_clk_pin rise@0.000ns)
  Data Path Delay:        0.361ns  (logic 0.256ns (70.880%)  route 0.105ns (29.120%))
  Logic Levels:           1  (CARRY4=1)
  Clock Path Skew:        0.000ns (DCD - SCD - CPR)
    Destination Clock Delay (DCD):    2.027ns
    Source Clock Delay      (SCD):    1.511ns
    Clock Pessimism Removal (CPR):    0.515ns

    Location             Delay type                Incr(ns)  Path(ns)    Netlist Resource(s)
  -------------------------------------------------------------------    -------------------
                         (clock sys_clk_pin rise edge)
                                                      0.000     0.000 r  
    E3                                                0.000     0.000 r  clk (IN)
                         net (fo=0)                   0.000     0.000    clk
    E3                   IBUF (Prop_ibuf_I_O)         0.250     0.250 r  clk_IBUF_inst/O
                         net (fo=1, routed)           0.644     0.894    clk_IBUF
    BUFGCTRL_X0Y16       BUFG (Prop_bufg_I_O)         0.026     0.920 r  clk_IBUF_BUFG_inst/O
                         net (fo=18, routed)          0.592     1.511    ledmux2/clk
    SLICE_X1Y73          FDRE                                         r  ledmux2/q_reg_reg[12]/C
  -------------------------------------------------------------------    -------------------
    SLICE_X1Y73          FDRE (Prop_fdre_C_Q)         0.141     1.652 r  ledmux2/q_reg_reg[12]/Q
                         net (fo=1, routed)           0.105     1.758    ledmux2/q_reg_reg_n_0_[12]
    SLICE_X1Y73          CARRY4 (Prop_carry4_S[0]_O[0])
                                                      0.115     1.873 r  ledmux2/q_reg_reg[12]_i_1/O[0]
                         net (fo=1, routed)           0.000     1.873    ledmux2/q_reg_reg[12]_i_1_n_7
    SLICE_X1Y73          FDRE                                         r  ledmux2/q_reg_reg[12]/D
  -------------------------------------------------------------------    -------------------

                         (clock sys_clk_pin rise edge)
                                                      0.000     0.000 r  
    E3                                                0.000     0.000 r  clk (IN)
                         net (fo=0)                   0.000     0.000    clk
    E3                   IBUF (Prop_ibuf_I_O)         0.438     0.438 r  clk_IBUF_inst/O
                         net (fo=1, routed)           0.699     1.136    clk_IBUF
    BUFGCTRL_X0Y16       BUFG (Prop_bufg_I_O)         0.029     1.165 r  clk_IBUF_BUFG_inst/O
                         net (fo=18, routed)          0.862     2.027    ledmux2/clk
    SLICE_X1Y73          FDRE                                         r  ledmux2/q_reg_reg[12]/C
                         clock pessimism             -0.515     1.511    
    SLICE_X1Y73          FDRE (Hold_fdre_C_D)         0.105     1.616    ledmux2/q_reg_reg[12]
  -------------------------------------------------------------------
                         required time                         -1.616    
                         arrival time                           1.873    
  -------------------------------------------------------------------
                         slack                                  0.256    

Slack (MET) :             0.256ns  (arrival time - required time)
  Source:                 ledmux2/q_reg_reg[6]/C
                            (rising edge-triggered cell FDRE clocked by sys_clk_pin  {rise@0.000ns fall@5.000ns period=10.000ns})
  Destination:            ledmux2/q_reg_reg[6]/D
                            (rising edge-triggered cell FDRE clocked by sys_clk_pin  {rise@0.000ns fall@5.000ns period=10.000ns})
  Path Group:             sys_clk_pin
  Path Type:              Hold (Min at Fast Process Corner)
  Requirement:            0.000ns  (sys_clk_pin rise@0.000ns - sys_clk_pin rise@0.000ns)
  Data Path Delay:        0.361ns  (logic 0.252ns (69.733%)  route 0.109ns (30.267%))
  Logic Levels:           1  (CARRY4=1)
  Clock Path Skew:        0.000ns (DCD - SCD - CPR)
    Destination Clock Delay (DCD):    2.030ns
    Source Clock Delay      (SCD):    1.513ns
    Clock Pessimism Removal (CPR):    0.516ns

    Location             Delay type                Incr(ns)  Path(ns)    Netlist Resource(s)
  -------------------------------------------------------------------    -------------------
                         (clock sys_clk_pin rise edge)
                                                      0.000     0.000 r  
    E3                                                0.000     0.000 r  clk (IN)
                         net (fo=0)                   0.000     0.000    clk
    E3                   IBUF (Prop_ibuf_I_O)         0.250     0.250 r  clk_IBUF_inst/O
                         net (fo=1, routed)           0.644     0.894    clk_IBUF
    BUFGCTRL_X0Y16       BUFG (Prop_bufg_I_O)         0.026     0.920 r  clk_IBUF_BUFG_inst/O
                         net (fo=18, routed)          0.594     1.513    ledmux2/clk
    SLICE_X1Y71          FDRE                                         r  ledmux2/q_reg_reg[6]/C
  -------------------------------------------------------------------    -------------------
    SLICE_X1Y71          FDRE (Prop_fdre_C_Q)         0.141     1.654 r  ledmux2/q_reg_reg[6]/Q
                         net (fo=1, routed)           0.109     1.764    ledmux2/q_reg_reg_n_0_[6]
    SLICE_X1Y71          CARRY4 (Prop_carry4_S[2]_O[2])
                                                      0.111     1.875 r  ledmux2/q_reg_reg[4]_i_1/O[2]
                         net (fo=1, routed)           0.000     1.875    ledmux2/q_reg_reg[4]_i_1_n_5
    SLICE_X1Y71          FDRE                                         r  ledmux2/q_reg_reg[6]/D
  -------------------------------------------------------------------    -------------------

                         (clock sys_clk_pin rise edge)
                                                      0.000     0.000 r  
    E3                                                0.000     0.000 r  clk (IN)
                         net (fo=0)                   0.000     0.000    clk
    E3                   IBUF (Prop_ibuf_I_O)         0.438     0.438 r  clk_IBUF_inst/O
                         net (fo=1, routed)           0.699     1.136    clk_IBUF
    BUFGCTRL_X0Y16       BUFG (Prop_bufg_I_O)         0.029     1.165 r  clk_IBUF_BUFG_inst/O
                         net (fo=18, routed)          0.865     2.030    ledmux2/clk
    SLICE_X1Y71          FDRE                                         r  ledmux2/q_reg_reg[6]/C
                         clock pessimism             -0.516     1.513    
    SLICE_X1Y71          FDRE (Hold_fdre_C_D)         0.105     1.618    ledmux2/q_reg_reg[6]
  -------------------------------------------------------------------
                         required time                         -1.618    
                         arrival time                           1.875    
  -------------------------------------------------------------------
                         slack                                  0.256    

Slack (MET) :             0.256ns  (arrival time - required time)
  Source:                 ledmux2/q_reg_reg[10]/C
                            (rising edge-triggered cell FDRE clocked by sys_clk_pin  {rise@0.000ns fall@5.000ns period=10.000ns})
  Destination:            ledmux2/q_reg_reg[10]/D
                            (rising edge-triggered cell FDRE clocked by sys_clk_pin  {rise@0.000ns fall@5.000ns period=10.000ns})
  Path Group:             sys_clk_pin
  Path Type:              Hold (Min at Fast Process Corner)
  Requirement:            0.000ns  (sys_clk_pin rise@0.000ns - sys_clk_pin rise@0.000ns)
  Data Path Delay:        0.361ns  (logic 0.252ns (69.733%)  route 0.109ns (30.267%))
  Logic Levels:           1  (CARRY4=1)
  Clock Path Skew:        0.000ns (DCD - SCD - CPR)
    Destination Clock Delay (DCD):    2.029ns
    Source Clock Delay      (SCD):    1.513ns
    Clock Pessimism Removal (CPR):    0.515ns

    Location             Delay type                Incr(ns)  Path(ns)    Netlist Resource(s)
  -------------------------------------------------------------------    -------------------
                         (clock sys_clk_pin rise edge)
                                                      0.000     0.000 r  
    E3                                                0.000     0.000 r  clk (IN)
                         net (fo=0)                   0.000     0.000    clk
    E3                   IBUF (Prop_ibuf_I_O)         0.250     0.250 r  clk_IBUF_inst/O
                         net (fo=1, routed)           0.644     0.894    clk_IBUF
    BUFGCTRL_X0Y16       BUFG (Prop_bufg_I_O)         0.026     0.920 r  clk_IBUF_BUFG_inst/O
                         net (fo=18, routed)          0.594     1.513    ledmux2/clk
    SLICE_X1Y72          FDRE                                         r  ledmux2/q_reg_reg[10]/C
  -------------------------------------------------------------------    -------------------
    SLICE_X1Y72          FDRE (Prop_fdre_C_Q)         0.141     1.654 r  ledmux2/q_reg_reg[10]/Q
                         net (fo=1, routed)           0.109     1.764    ledmux2/q_reg_reg_n_0_[10]
    SLICE_X1Y72          CARRY4 (Prop_carry4_S[2]_O[2])
                                                      0.111     1.875 r  ledmux2/q_reg_reg[8]_i_1/O[2]
                         net (fo=1, routed)           0.000     1.875    ledmux2/q_reg_reg[8]_i_1_n_5
    SLICE_X1Y72          FDRE                                         r  ledmux2/q_reg_reg[10]/D
  -------------------------------------------------------------------    -------------------

                         (clock sys_clk_pin rise edge)
                                                      0.000     0.000 r  
    E3                                                0.000     0.000 r  clk (IN)
                         net (fo=0)                   0.000     0.000    clk
    E3                   IBUF (Prop_ibuf_I_O)         0.438     0.438 r  clk_IBUF_inst/O
                         net (fo=1, routed)           0.699     1.136    clk_IBUF
    BUFGCTRL_X0Y16       BUFG (Prop_bufg_I_O)         0.029     1.165 r  clk_IBUF_BUFG_inst/O
                         net (fo=18, routed)          0.864     2.029    ledmux2/clk
    SLICE_X1Y72          FDRE                                         r  ledmux2/q_reg_reg[10]/C
                         clock pessimism             -0.515     1.513    
    SLICE_X1Y72          FDRE (Hold_fdre_C_D)         0.105     1.618    ledmux2/q_reg_reg[10]
  -------------------------------------------------------------------
                         required time                         -1.618    
                         arrival time                           1.875    
  -------------------------------------------------------------------
                         slack                                  0.256    

Slack (MET) :             0.256ns  (arrival time - required time)
  Source:                 ledmux2/q_reg_reg[2]/C
                            (rising edge-triggered cell FDRE clocked by sys_clk_pin  {rise@0.000ns fall@5.000ns period=10.000ns})
  Destination:            ledmux2/q_reg_reg[2]/D
                            (rising edge-triggered cell FDRE clocked by sys_clk_pin  {rise@0.000ns fall@5.000ns period=10.000ns})
  Path Group:             sys_clk_pin
  Path Type:              Hold (Min at Fast Process Corner)
  Requirement:            0.000ns  (sys_clk_pin rise@0.000ns - sys_clk_pin rise@0.000ns)
  Data Path Delay:        0.361ns  (logic 0.252ns (69.733%)  route 0.109ns (30.267%))
  Logic Levels:           1  (CARRY4=1)
  Clock Path Skew:        0.000ns (DCD - SCD - CPR)
    Destination Clock Delay (DCD):    2.031ns
    Source Clock Delay      (SCD):    1.514ns
    Clock Pessimism Removal (CPR):    0.516ns

    Location             Delay type                Incr(ns)  Path(ns)    Netlist Resource(s)
  -------------------------------------------------------------------    -------------------
                         (clock sys_clk_pin rise edge)
                                                      0.000     0.000 r  
    E3                                                0.000     0.000 r  clk (IN)
                         net (fo=0)                   0.000     0.000    clk
    E3                   IBUF (Prop_ibuf_I_O)         0.250     0.250 r  clk_IBUF_inst/O
                         net (fo=1, routed)           0.644     0.894    clk_IBUF
    BUFGCTRL_X0Y16       BUFG (Prop_bufg_I_O)         0.026     0.920 r  clk_IBUF_BUFG_inst/O
                         net (fo=18, routed)          0.595     1.514    ledmux2/clk
    SLICE_X1Y70          FDRE                                         r  ledmux2/q_reg_reg[2]/C
  -------------------------------------------------------------------    -------------------
    SLICE_X1Y70          FDRE (Prop_fdre_C_Q)         0.141     1.655 r  ledmux2/q_reg_reg[2]/Q
                         net (fo=1, routed)           0.109     1.765    ledmux2/q_reg_reg_n_0_[2]
    SLICE_X1Y70          CARRY4 (Prop_carry4_S[2]_O[2])
                                                      0.111     1.876 r  ledmux2/q_reg_reg[0]_i_1/O[2]
                         net (fo=1, routed)           0.000     1.876    ledmux2/q_reg_reg[0]_i_1_n_5
    SLICE_X1Y70          FDRE                                         r  ledmux2/q_reg_reg[2]/D
  -------------------------------------------------------------------    -------------------

                         (clock sys_clk_pin rise edge)
                                                      0.000     0.000 r  
    E3                                                0.000     0.000 r  clk (IN)
                         net (fo=0)                   0.000     0.000    clk
    E3                   IBUF (Prop_ibuf_I_O)         0.438     0.438 r  clk_IBUF_inst/O
                         net (fo=1, routed)           0.699     1.136    clk_IBUF
    BUFGCTRL_X0Y16       BUFG (Prop_bufg_I_O)         0.029     1.165 r  clk_IBUF_BUFG_inst/O
                         net (fo=18, routed)          0.866     2.031    ledmux2/clk
    SLICE_X1Y70          FDRE                                         r  ledmux2/q_reg_reg[2]/C
                         clock pessimism             -0.516     1.514    
    SLICE_X1Y70          FDRE (Hold_fdre_C_D)         0.105     1.619    ledmux2/q_reg_reg[2]
  -------------------------------------------------------------------
                         required time                         -1.619    
                         arrival time                           1.876    
  -------------------------------------------------------------------
                         slack                                  0.256    

Slack (MET) :             0.256ns  (arrival time - required time)
  Source:                 ledmux2/q_reg_reg[14]/C
                            (rising edge-triggered cell FDRE clocked by sys_clk_pin  {rise@0.000ns fall@5.000ns period=10.000ns})
  Destination:            ledmux2/q_reg_reg[14]/D
                            (rising edge-triggered cell FDRE clocked by sys_clk_pin  {rise@0.000ns fall@5.000ns period=10.000ns})
  Path Group:             sys_clk_pin
  Path Type:              Hold (Min at Fast Process Corner)
  Requirement:            0.000ns  (sys_clk_pin rise@0.000ns - sys_clk_pin rise@0.000ns)
  Data Path Delay:        0.361ns  (logic 0.252ns (69.733%)  route 0.109ns (30.267%))
  Logic Levels:           1  (CARRY4=1)
  Clock Path Skew:        0.000ns (DCD - SCD - CPR)
    Destination Clock Delay (DCD):    2.027ns
    Source Clock Delay      (SCD):    1.511ns
    Clock Pessimism Removal (CPR):    0.515ns

    Location             Delay type                Incr(ns)  Path(ns)    Netlist Resource(s)
  -------------------------------------------------------------------    -------------------
                         (clock sys_clk_pin rise edge)
                                                      0.000     0.000 r  
    E3                                                0.000     0.000 r  clk (IN)
                         net (fo=0)                   0.000     0.000    clk
    E3                   IBUF (Prop_ibuf_I_O)         0.250     0.250 r  clk_IBUF_inst/O
                         net (fo=1, routed)           0.644     0.894    clk_IBUF
    BUFGCTRL_X0Y16       BUFG (Prop_bufg_I_O)         0.026     0.920 r  clk_IBUF_BUFG_inst/O
                         net (fo=18, routed)          0.592     1.511    ledmux2/clk
    SLICE_X1Y73          FDRE                                         r  ledmux2/q_reg_reg[14]/C
  -------------------------------------------------------------------    -------------------
    SLICE_X1Y73          FDRE (Prop_fdre_C_Q)         0.141     1.652 r  ledmux2/q_reg_reg[14]/Q
                         net (fo=1, routed)           0.109     1.762    ledmux2/q_reg_reg_n_0_[14]
    SLICE_X1Y73          CARRY4 (Prop_carry4_S[2]_O[2])
                                                      0.111     1.873 r  ledmux2/q_reg_reg[12]_i_1/O[2]
                         net (fo=1, routed)           0.000     1.873    ledmux2/q_reg_reg[12]_i_1_n_5
    SLICE_X1Y73          FDRE                                         r  ledmux2/q_reg_reg[14]/D
  -------------------------------------------------------------------    -------------------

                         (clock sys_clk_pin rise edge)
                                                      0.000     0.000 r  
    E3                                                0.000     0.000 r  clk (IN)
                         net (fo=0)                   0.000     0.000    clk
    E3                   IBUF (Prop_ibuf_I_O)         0.438     0.438 r  clk_IBUF_inst/O
                         net (fo=1, routed)           0.699     1.136    clk_IBUF
    BUFGCTRL_X0Y16       BUFG (Prop_bufg_I_O)         0.029     1.165 r  clk_IBUF_BUFG_inst/O
                         net (fo=18, routed)          0.862     2.027    ledmux2/clk
    SLICE_X1Y73          FDRE                                         r  ledmux2/q_reg_reg[14]/C
                         clock pessimism             -0.515     1.511    
    SLICE_X1Y73          FDRE (Hold_fdre_C_D)         0.105     1.616    ledmux2/q_reg_reg[14]
  -------------------------------------------------------------------
                         required time                         -1.616    
                         arrival time                           1.873    
  -------------------------------------------------------------------
                         slack                                  0.256    





Pulse Width Checks
--------------------------------------------------------------------------------------
Clock Name:         sys_clk_pin
Waveform(ns):       { 0.000 5.000 }
Period(ns):         10.000
Sources:            { clk }

Check Type        Corner  Lib Pin  Reference Pin  Required(ns)  Actual(ns)  Slack(ns)  Location        Pin
Min Period        n/a     BUFG/I   n/a            2.155         10.000      7.845      BUFGCTRL_X0Y16  clk_IBUF_BUFG_inst/I
Min Period        n/a     FDRE/C   n/a            1.000         10.000      9.000      SLICE_X1Y70     ledmux2/q_reg_reg[0]/C
Min Period        n/a     FDRE/C   n/a            1.000         10.000      9.000      SLICE_X1Y72     ledmux2/q_reg_reg[10]/C
Min Period        n/a     FDRE/C   n/a            1.000         10.000      9.000      SLICE_X1Y72     ledmux2/q_reg_reg[11]/C
Min Period        n/a     FDRE/C   n/a            1.000         10.000      9.000      SLICE_X1Y73     ledmux2/q_reg_reg[12]/C
Min Period        n/a     FDRE/C   n/a            1.000         10.000      9.000      SLICE_X1Y73     ledmux2/q_reg_reg[13]/C
Min Period        n/a     FDRE/C   n/a            1.000         10.000      9.000      SLICE_X1Y73     ledmux2/q_reg_reg[14]/C
Min Period        n/a     FDRE/C   n/a            1.000         10.000      9.000      SLICE_X1Y73     ledmux2/q_reg_reg[15]/C
Min Period        n/a     FDRE/C   n/a            1.000         10.000      9.000      SLICE_X1Y74     ledmux2/q_reg_reg[16]/C
Min Period        n/a     FDRE/C   n/a            1.000         10.000      9.000      SLICE_X1Y74     ledmux2/q_reg_reg[17]/C
Low Pulse Width   Slow    FDRE/C   n/a            0.500         5.000       4.500      SLICE_X1Y72     ledmux2/q_reg_reg[10]/C
Low Pulse Width   Slow    FDRE/C   n/a            0.500         5.000       4.500      SLICE_X1Y72     ledmux2/q_reg_reg[11]/C
Low Pulse Width   Slow    FDRE/C   n/a            0.500         5.000       4.500      SLICE_X1Y73     ledmux2/q_reg_reg[12]/C
Low Pulse Width   Slow    FDRE/C   n/a            0.500         5.000       4.500      SLICE_X1Y73     ledmux2/q_reg_reg[13]/C
Low Pulse Width   Slow    FDRE/C   n/a            0.500         5.000       4.500      SLICE_X1Y73     ledmux2/q_reg_reg[14]/C
Low Pulse Width   Slow    FDRE/C   n/a            0.500         5.000       4.500      SLICE_X1Y73     ledmux2/q_reg_reg[15]/C
Low Pulse Width   Slow    FDRE/C   n/a            0.500         5.000       4.500      SLICE_X1Y74     ledmux2/q_reg_reg[16]/C
Low Pulse Width   Slow    FDRE/C   n/a            0.500         5.000       4.500      SLICE_X1Y74     ledmux2/q_reg_reg[17]/C
Low Pulse Width   Slow    FDRE/C   n/a            0.500         5.000       4.500      SLICE_X1Y72     ledmux2/q_reg_reg[8]/C
Low Pulse Width   Slow    FDRE/C   n/a            0.500         5.000       4.500      SLICE_X1Y72     ledmux2/q_reg_reg[9]/C
High Pulse Width  Slow    FDRE/C   n/a            0.500         5.000       4.500      SLICE_X1Y70     ledmux2/q_reg_reg[0]/C
High Pulse Width  Fast    FDRE/C   n/a            0.500         5.000       4.500      SLICE_X1Y70     ledmux2/q_reg_reg[0]/C
High Pulse Width  Fast    FDRE/C   n/a            0.500         5.000       4.500      SLICE_X1Y72     ledmux2/q_reg_reg[10]/C
High Pulse Width  Fast    FDRE/C   n/a            0.500         5.000       4.500      SLICE_X1Y72     ledmux2/q_reg_reg[11]/C
High Pulse Width  Fast    FDRE/C   n/a            0.500         5.000       4.500      SLICE_X1Y73     ledmux2/q_reg_reg[12]/C
High Pulse Width  Fast    FDRE/C   n/a            0.500         5.000       4.500      SLICE_X1Y73     ledmux2/q_reg_reg[13]/C
High Pulse Width  Fast    FDRE/C   n/a            0.500         5.000       4.500      SLICE_X1Y73     ledmux2/q_reg_reg[14]/C
High Pulse Width  Fast    FDRE/C   n/a            0.500         5.000       4.500      SLICE_X1Y73     ledmux2/q_reg_reg[15]/C
High Pulse Width  Slow    FDRE/C   n/a            0.500         5.000       4.500      SLICE_X1Y74     ledmux2/q_reg_reg[16]/C
High Pulse Width  Fast    FDRE/C   n/a            0.500         5.000       4.500      SLICE_X1Y74     ledmux2/q_reg_reg[16]/C



